// Jest Snapshot v1, https://goo.gl/fbAQLP

exports[`LambdaTools deleteEventMapping calls deleteEventMapping with expected params 1`] = `
Object {
  "ConcurrentExecutions": Object {
    "latestMetricTimestamp": 2021-06-02T15:23:00.000Z,
    "latestMetricValue": 1,
    "stat": "Maximum",
  },
  "Duration": Object {
    "latestMetricTimestamp": 2021-06-02T15:23:00.000Z,
    "latestMetricValue": 10.4375,
    "stat": "Average",
  },
  "Errors": Object {
    "latestMetricTimestamp": 2021-06-02T15:23:00.000Z,
    "latestMetricValue": 4,
    "stat": "Sum",
  },
  "Invocations": Object {
    "latestMetricTimestamp": 2021-06-02T15:23:00.000Z,
    "latestMetricValue": 4,
    "stat": "Sum",
  },
  "IteratorAge": Object {
    "latestMetricTimestamp": 2021-06-02T15:23:00.000Z,
    "latestMetricValue": 5193039,
    "stat": "Maximum",
  },
  "Throttles": Object {
    "latestMetricTimestamp": 2021-06-02T15:23:00.000Z,
    "latestMetricValue": 0,
    "stat": "Sum",
  },
}
`;
